
> travel-companion-frontend@0.1.0 build
> react-scripts build

Creating an optimized production build...
Failed to compile.

[eslint] 
src\pages\Dashboard.jsx
  Line 418:7:  'setTripHistory' is not defined  no-undef

src\pages\ExploreDestination.jsx
  Line 464:11:  'setKycLoading' is not defined  no-undef
  Line 474:11:  'setKycLoading' is not defined  no-undef
  Line 478:11:  'setKycLoading' is not defined  no-undef
  Line 483:9:   'setKycLoading' is not defined  no-undef

Search for the keywords to learn more about each error.


